 parsimp

 Timestamp is 3d98ebb2 (Mon Sep 30 17:26:26 2002)

 Preferred load address is 00010000

 Start         Length     Name                   Class
 0001:00000000 000004dcH .text                   CODE
 0002:00000000 00000074H .idata$5                DATA
 0002:00000078 00000068H .rdata                  DATA
 0003:00000000 0000000bH .data                   DATA
 0004:00000000 000005b4H INIT                    CODE
 0004:000005b4 00000028H .idata$2                CODE
 0004:000005dc 00000014H .idata$3                CODE
 0004:000005f0 00000074H .idata$4                CODE
 0004:00000664 00000284H .idata$6                CODE
 0005:00000000 000000a0H .rsrc$01                DATA
 0005:000000a0 00000450H .rsrc$02                DATA

  Address         Publics by Value              Rva+Base     Lib:Object

 0001:00000000       _ParLogError@48            000102c0 f   parsimp.obj
 0001:00000096       _ParAllocPortWithNext@4    00010356 f   parsimp.obj
 0001:000000f0       _ParSetTrue@4              000103b0 f   parsimp.obj
 0001:000000fc       _ParDpcForIsr@16           000103bc f   parsimp.obj
 0001:00000156       _ParInterruptService@8     00010416 f   parsimp.obj
 0001:000001ab       _ParDeferredPortCheck@4    0001046b f   parsimp.obj
 0001:000001da       _ParSetFalse@4             0001049a f   parsimp.obj
 0001:00000203       _ParCompleteRequest@4      000104c3 f   parsimp.obj
 0001:00000246       _ParCancel@8               00010506 f   parsimp.obj
 0001:00000293       _ParCreateClose@8          00010553 f   parsimp.obj
 0001:000002d0       _ParReadCompletionRoutine@12 00010590 f   parsimp.obj
 0001:000002e2       _ParAllocPort@4            000105a2 f   parsimp.obj
 0001:00000320       _ParRead@8                 000105e0 f   parsimp.obj
 0001:000003a7       _ParCleanup@8              00010667 f   parsimp.obj
 0001:00000424       _ParUnload@4               000106e4 f   parsimp.obj
 0001:000004d6       _DbgPrint                  00010796 f   ntoskrnl:ntoskrnl.exe
 0002:00000000       __imp__READ_PORT_UCHAR@4   000107a0     hal:HAL.dll
 0002:00000004       __imp__WRITE_PORT_UCHAR@8  000107a4     hal:HAL.dll
 0002:00000008       \177HAL_NULL_THUNK_DATA    000107a8     hal:HAL.dll
 0002:0000000c       __imp__ExFreePool@4        000107ac     ntoskrnl:ntoskrnl.exe
 0002:00000010       __imp__KeInitializeDpc@12  000107b0     ntoskrnl:ntoskrnl.exe
 0002:00000014       __imp__IoCreateUnprotectedSymbolicLink@8 000107b4     ntoskrnl:ntoskrnl.exe
 0002:00000018       __imp_@ObfDereferenceObject@4 000107b8     ntoskrnl:ntoskrnl.exe
 0002:0000001c       __imp__IoGetDeviceObjectPointer@16 000107bc     ntoskrnl:ntoskrnl.exe
 0002:00000020       __imp__IoCreateDevice@28   000107c0     ntoskrnl:ntoskrnl.exe
 0002:00000024       __imp__RtlAppendUnicodeStringToString@8 000107c4     ntoskrnl:ntoskrnl.exe
 0002:00000028       __imp__ExAllocatePoolWithTag@12 000107c8     ntoskrnl:ntoskrnl.exe
 0002:0000002c       __imp__RtlIntegerToUnicodeString@12 000107cc     ntoskrnl:ntoskrnl.exe
 0002:00000030       __imp__RtlInitUnicodeString@8 000107d0     ntoskrnl:ntoskrnl.exe
 0002:00000034       __imp__IoAllocateErrorLogEntry@8 000107d4     ntoskrnl:ntoskrnl.exe
 0002:00000038       __imp__IoDeleteDevice@4    000107d8     ntoskrnl:ntoskrnl.exe
 0002:0000003c       __imp__IoBuildDeviceIoControlRequest@36 000107dc     ntoskrnl:ntoskrnl.exe
 0002:00000040       __imp__KeInitializeEvent@12 000107e0     ntoskrnl:ntoskrnl.exe
 0002:00000044       __imp_@InterlockedExchange@8 000107e4     ntoskrnl:ntoskrnl.exe
 0002:00000048       __imp__IoReleaseCancelSpinLock@4 000107e8     ntoskrnl:ntoskrnl.exe
 0002:0000004c       __imp__IoAcquireCancelSpinLock@4 000107ec     ntoskrnl:ntoskrnl.exe
 0002:00000050       __imp__KeSynchronizeExecution@12 000107f0     ntoskrnl:ntoskrnl.exe
 0002:00000054       __imp_@IofCompleteRequest@8 000107f4     ntoskrnl:ntoskrnl.exe
 0002:00000058       __imp__KeInsertQueueDpc@12 000107f8     ntoskrnl:ntoskrnl.exe
 0002:0000005c       __imp__DbgPrint            000107fc     ntoskrnl:ntoskrnl.exe
 0002:00000060       __imp__IoDeleteSymbolicLink@4 00010800     ntoskrnl:ntoskrnl.exe
 0002:00000064       __imp__KeWaitForSingleObject@20 00010804     ntoskrnl:ntoskrnl.exe
 0002:00000068       __imp__IoWriteErrorLogEntry@4 00010808     ntoskrnl:ntoskrnl.exe
 0002:0000006c       __imp_@IofCallDriver@8     0001080c     ntoskrnl:ntoskrnl.exe
 0002:00000070       \177ntoskrnl_NULL_THUNK_DATA 00010810     ntoskrnl:ntoskrnl.exe
 0004:00000000       _DriverEntry@8             000108a0 f   parsimp.obj
 0004:00000044       _ParInitializeDeviceObject@8 000108e4 f   parsimp.obj
 0004:000002a4       _ParMakeNames@16           00010b44 f   parsimp.obj
 0004:00000486       _ParGetPortInfoFromPortDevice@4 00010d26 f   parsimp.obj
 0004:00000518       _ParInitializeInterruptObject@8 00010db8 f   parsimp.obj
 0004:000005b4       __IMPORT_DESCRIPTOR_ntoskrnl 00010e54     ntoskrnl:ntoskrnl.exe
 0004:000005c8       __IMPORT_DESCRIPTOR_HAL    00010e68     hal:HAL.dll
 0004:000005dc       __NULL_IMPORT_DESCRIPTOR   00010e7c     ntoskrnl:ntoskrnl.exe

 entry point at        0004:00000000

 Static symbols

