 parsimp

 Timestamp is 3c39bf07 (Mon Jan 07 16:30:15 2002)

 Preferred load address is 00010000

 Start         Length     Name                   Class
 0001:00000000 000005b8H .text                   CODE
 0002:00000000 00000080H .idata$5                DATA
 0002:00000080 00000068H .rdata                  DATA
 0003:00000000 00000017H .data                   DATA
 0003:00000017 00000000H .bss                    DATA
 0004:00000000 000005e0H INIT                    CODE
 0004:000005e0 00000028H .idata$2                CODE
 0004:00000608 00000014H .idata$3                CODE
 0004:0000061c 00000080H .idata$4                CODE
 0004:0000069c 000002c4H .idata$6                CODE
 0005:00000000 00000140H .rsrc$01                DATA
 0005:00000140 00000958H .rsrc$02                DATA

  Address         Publics by Value              Rva+Base     Lib:Object

 0001:00000000       _ParLogError@48            000102c0 f   parsimp.obj
 0001:00000096       _ParAllocPortWithNext@4    00010356 f   parsimp.obj
 0001:000000f0       _ParSetTrue@4              000103b0 f   parsimp.obj
 0001:000000fc       _ParDpcForIsr@16           000103bc f   parsimp.obj
 0001:00000138       _ParInterruptService@8     000103f8 f   parsimp.obj
 0001:00000164       _ParDeferredPortCheck@4    00010424 f   parsimp.obj
 0001:00000188       _ParSetFalse@4             00010448 f   parsimp.obj
 0001:00000194       _ParCompleteRequest@4      00010454 f   parsimp.obj
 0001:000001c8       _ParCancel@8               00010488 f   parsimp.obj
 0001:000001fc       _ParCreateClose@8          000104bc f   parsimp.obj
 0001:0000022e       _ParReadCompletionRoutine@12 000104ee f   parsimp.obj
 0001:00000288       _ParAllocPort@4            00010548 f   parsimp.obj
 0001:000002e8       _ParRead@8                 000105a8 f   parsimp.obj
 0001:0000035a       _ParCleanup@8              0001061a f   parsimp.obj
 0001:000003ca       _ParUnload@4               0001068a f   parsimp.obj
 0001:000004b6       _ParDeviceControl@8        00010776 f   parsimp.obj
 0001:000005b2       _DbgPrint                  00010872 f   ntoskrnl:ntoskrnl.exe
 0002:00000000       __imp__KeGetCurrentIrql@0  00010880     hal:HAL.dll
 0002:00000004       __imp__READ_PORT_UCHAR@4   00010884     hal:HAL.dll
 0002:00000008       __imp__WRITE_PORT_UCHAR@8  00010888     hal:HAL.dll
 0002:0000000c       \177HAL_NULL_THUNK_DATA    0001088c     hal:HAL.dll
 0002:00000010       __imp__IoAllocateErrorLogEntry@8 00010890     ntoskrnl:ntoskrnl.exe
 0002:00000014       __imp__KeInitializeDpc@12  00010894     ntoskrnl:ntoskrnl.exe
 0002:00000018       __imp__IoCreateUnprotectedSymbolicLink@8 00010898     ntoskrnl:ntoskrnl.exe
 0002:0000001c       __imp_@ObfDereferenceObject@4 0001089c     ntoskrnl:ntoskrnl.exe
 0002:00000020       __imp__IoGetDeviceObjectPointer@16 000108a0     ntoskrnl:ntoskrnl.exe
 0002:00000024       __imp__IoCreateDevice@28   000108a4     ntoskrnl:ntoskrnl.exe
 0002:00000028       __imp__RtlAppendUnicodeStringToString@8 000108a8     ntoskrnl:ntoskrnl.exe
 0002:0000002c       __imp__ExAllocatePoolWithTag@12 000108ac     ntoskrnl:ntoskrnl.exe
 0002:00000030       __imp__RtlIntegerToUnicodeString@12 000108b0     ntoskrnl:ntoskrnl.exe
 0002:00000034       __imp__RtlInitUnicodeString@8 000108b4     ntoskrnl:ntoskrnl.exe
 0002:00000038       __imp__KeWaitForSingleObject@20 000108b8     ntoskrnl:ntoskrnl.exe
 0002:0000003c       __imp__ExFreePool@4        000108bc     ntoskrnl:ntoskrnl.exe
 0002:00000040       __imp__IoDeleteDevice@4    000108c0     ntoskrnl:ntoskrnl.exe
 0002:00000044       __imp__KeInitializeEvent@12 000108c4     ntoskrnl:ntoskrnl.exe
 0002:00000048       __imp_@InterlockedExchange@8 000108c8     ntoskrnl:ntoskrnl.exe
 0002:0000004c       __imp__IoReleaseCancelSpinLock@4 000108cc     ntoskrnl:ntoskrnl.exe
 0002:00000050       __imp__IoAcquireCancelSpinLock@4 000108d0     ntoskrnl:ntoskrnl.exe
 0002:00000054       __imp__KeSynchronizeExecution@12 000108d4     ntoskrnl:ntoskrnl.exe
 0002:00000058       __imp_@IofCompleteRequest@8 000108d8     ntoskrnl:ntoskrnl.exe
 0002:0000005c       __imp__KeInsertQueueDpc@12 000108dc     ntoskrnl:ntoskrnl.exe
 0002:00000060       __imp__RtlAssert@16        000108e0     ntoskrnl:ntoskrnl.exe
 0002:00000064       __imp__IoDeleteSymbolicLink@4 000108e4     ntoskrnl:ntoskrnl.exe
 0002:00000068       __imp__DbgPrint            000108e8     ntoskrnl:ntoskrnl.exe
 0002:0000006c       __imp__IoWriteErrorLogEntry@4 000108ec     ntoskrnl:ntoskrnl.exe
 0002:00000070       __imp__IoGetConfigurationInformation@0 000108f0     ntoskrnl:ntoskrnl.exe
 0002:00000074       __imp_@IofCallDriver@8     000108f4     ntoskrnl:ntoskrnl.exe
 0002:00000078       __imp__IoBuildDeviceIoControlRequest@36 000108f8     ntoskrnl:ntoskrnl.exe
 0002:0000007c       \177ntoskrnl_NULL_THUNK_DATA 000108fc     ntoskrnl:ntoskrnl.exe
 0004:00000000       _DriverEntry@8             000109a0 f   parsimp.obj
 0004:00000064       _ParInitializeDeviceObject@8 00010a04 f   parsimp.obj
 0004:000002c8       _ParMakeNames@16           00010c68 f   parsimp.obj
 0004:000004b2       _ParGetPortInfoFromPortDevice@4 00010e52 f   parsimp.obj
 0004:00000544       _ParInitializeInterruptObject@8 00010ee4 f   parsimp.obj
 0004:000005e0       __IMPORT_DESCRIPTOR_ntoskrnl 00010f80     ntoskrnl:ntoskrnl.exe
 0004:000005f4       __IMPORT_DESCRIPTOR_HAL    00010f94     hal:HAL.dll
 0004:00000608       __NULL_IMPORT_DESCRIPTOR   00010fa8     ntoskrnl:ntoskrnl.exe

 entry point at        0004:00000000

 Static symbols

