 TxintPar

 Timestamp is 3c46c2a8 (Thu Jan 17 13:25:12 2002)

 Preferred load address is 00010000

 Start         Length     Name                   Class
 0001:00000000 00001093H page                    CODE
 0002:00000000 0000005bH init                    CODE
 0003:00000000 00000084H .idata$5                CODE
 0003:00000088 00000084H .rdata                  CODE
 0003:00000110 00000232H .text                   CODE
 0004:00000000 0000001cH .data                   DATA
 0004:00000020 000000b0H .bss                    DATA
 0005:00000000 00000028H .idata$2                CODE
 0005:00000028 00000014H .idata$3                CODE
 0005:0000003c 00000084H .idata$4                CODE
 0005:000000c0 000002a0H .idata$6                CODE
 0006:00000000 00000058H .rsrc$01                DATA
 0006:00000060 00000328H .rsrc$02                DATA

  Address         Publics by Value              Rva+Base     Lib:Object

 0001:00000056       ?TxintPar_DispatchCreate@@YGJPAU_DEVICE_OBJECT@@PAU_IRP@@@Z 00010336 f   Create.obj
 0001:0000010a       ?TxintPar_DispatchDeviceControl@@YGJPAU_DEVICE_OBJECT@@PAU_IRP@@@Z 000103ea f   DeviceControl.obj
 0001:000002da       ?TxintPar_DriverUnload@@YGXPAU_DRIVER_OBJECT@@@Z 000105ba f   DriverEntry.obj
 0001:00000465       ?TxintPar_AddDevice@@YGJPAU_DRIVER_OBJECT@@PAU_DEVICE_OBJECT@@@Z 00010745 f   DriverEntry.obj
 0001:000007ba       ?TxP_ForwardAndWait@@YGJPAU_DEVICE_OBJECT@@PAU_IRP@@@Z 00010a9a f   DriverEntry.obj
 0001:000009ec       ?TxintPar_DispatchPnp@@YGJPAU_DEVICE_OBJECT@@PAU_IRP@@@Z 00010ccc f   PnP.obj
 0001:00000c40       ?ParSetTrue@@YGEPAX@Z      00010f20 f   PnP.obj
 0001:00000c50       ?ParDpcForIsr@@YGXPAU_KDPC@@PAU_DEVICE_OBJECT@@PAU_IRP@@PAX@Z 00010f30 f   PnP.obj
 0001:00000cb0       ?ParInterruptService@@YGEPAU_KINTERRUPT@@PAX@Z 00010f90 f   PnP.obj
 0001:00000d10       ?ParDeferredPortCheck@@YGXPAX@Z 00010ff0 f   PnP.obj
 0001:00000d60       ?ParSetFalse@@YGEPAX@Z     00011040 f   PnP.obj
 0001:00000dd0       ?ParAllocPort@@YGXPAU_DEVICE_EXTENSION@@@Z 000110b0 f   PnP.obj
 0001:00000ea0       ?ParAllocPortWithNext@@YGXPAU_DEVICE_EXTENSION@@@Z 00011180 f   PnP.obj
 0001:00000f40       ?ParReadCompletionRoutine@@YGJPAU_DEVICE_OBJECT@@PAU_IRP@@PAX@Z 00011220 f   PnP.obj
 0001:00000f60       ?ParCompleteRequest@@YGXPAU_DEVICE_EXTENSION@@@Z 00011240 f   PnP.obj
 0001:00001002       ?TxintPar_DispatchPower@@YGJPAU_DEVICE_OBJECT@@PAU_IRP@@@Z 000112e2 f   Power.obj
 0002:00000000       _DriverEntry@8             00011380 f   DriverEntry.obj
 0003:00000000       __imp__WRITE_PORT_UCHAR@8  000113e0     wdm:HAL.DLL
 0003:00000004       __imp__KeGetCurrentIrql@0  000113e4     wdm:HAL.DLL
 0003:00000008       __imp__READ_PORT_UCHAR@4   000113e8     wdm:HAL.DLL
 0003:0000000c       \177HAL_NULL_THUNK_DATA    000113ec     wdm:HAL.DLL
 0003:00000010       __imp__RtlFreeUnicodeString@4 000113f0     wdm:NTOSKRNL.EXE
 0003:00000014       __imp__IoAttachDeviceToDeviceStack@8 000113f4     wdm:NTOSKRNL.EXE
 0003:00000018       __imp__RtlCopyUnicodeString@8 000113f8     wdm:NTOSKRNL.EXE
 0003:0000001c       __imp__ExAllocatePoolWithTag@12 000113fc     wdm:NTOSKRNL.EXE
 0003:00000020       __imp__IoCreateSymbolicLink@8 00011400     wdm:NTOSKRNL.EXE
 0003:00000024       __imp__IoCreateDevice@28   00011404     wdm:NTOSKRNL.EXE
 0003:00000028       __imp__RtlInitUnicodeString@8 00011408     wdm:NTOSKRNL.EXE
 0003:0000002c       __imp___snwprintf          0001140c     wdm:NTOSKRNL.EXE
 0003:00000030       __imp__IoDeleteDevice@4    00011410     wdm:NTOSKRNL.EXE
 0003:00000034       __imp_@IofCompleteRequest@8 00011414     wdm:NTOSKRNL.EXE
 0003:00000038       __imp__KeWaitForSingleObject@20 00011418     wdm:NTOSKRNL.EXE
 0003:0000003c       __imp_@IofCallDriver@8     0001141c     wdm:NTOSKRNL.EXE
 0003:00000040       __imp__KeInitializeEvent@12 00011420     wdm:NTOSKRNL.EXE
 0003:00000044       __imp__KeSetEvent@12       00011424     wdm:NTOSKRNL.EXE
 0003:00000048       __imp__IoBuildDeviceIoControlRequest@36 00011428     wdm:NTOSKRNL.EXE
 0003:0000004c       __imp__IoGetDeviceObjectPointer@16 0001142c     wdm:NTOSKRNL.EXE
 0003:00000050       __imp__KeInitializeDpc@12  00011430     wdm:NTOSKRNL.EXE
 0003:00000054       __imp__KeSynchronizeExecution@12 00011434     wdm:NTOSKRNL.EXE
 0003:00000058       __imp__KeInsertQueueDpc@12 00011438     wdm:NTOSKRNL.EXE
 0003:0000005c       __imp__DbgPrint            0001143c     wdm:NTOSKRNL.EXE
 0003:00000060       __imp_@InterlockedIncrement@4 00011440     wdm:NTOSKRNL.EXE
 0003:00000064       __imp_@InterlockedExchange@8 00011444     wdm:NTOSKRNL.EXE
 0003:00000068       __imp__IoReleaseCancelSpinLock@4 00011448     wdm:NTOSKRNL.EXE
 0003:0000006c       __imp__IoAcquireCancelSpinLock@4 0001144c     wdm:NTOSKRNL.EXE
 0003:00000070       __imp__PoCallDriver@8      00011450     wdm:NTOSKRNL.EXE
 0003:00000074       __imp__PoStartNextPowerIrp@4 00011454     wdm:NTOSKRNL.EXE
 0003:00000078       __imp__RtlAssert@16        00011458     wdm:NTOSKRNL.EXE
 0003:0000007c       __imp__RtlUnwind@16        0001145c     wdm:NTOSKRNL.EXE
 0003:00000080       \177NTOSKRNL_NULL_THUNK_DATA 00011460     wdm:NTOSKRNL.EXE
 0003:00000110       ?TxP_CompleteRequest@@YGJPAU_IRP@@JK@Z 000114f0 f   DriverEntry.obj
 0003:00000140       ?TxP_OnRequestComplete@@YGJPAU_DEVICE_OBJECT@@PAU_IRP@@PAU_KEVENT@@@Z 00011520 f   DriverEntry.obj
 0003:00000160       ?TxintPar_DispatchSystemControl@@YGJPAU_DEVICE_OBJECT@@PAU_IRP@@@Z 00011540 f   Wmi.obj
 0003:000001a0       _DbgPrint                  00011580 f   wdm:NTOSKRNL.EXE
 0003:000001b0       __except_handler3          00011590 f   wdm:exsup3.obj
 0003:0000025e       __seh_longjmp_unwind@4     0001163e f   wdm:exsup3.obj
 0003:0000027c       __global_unwind2           0001165c f   wdm:exsup.obj
 0003:000002be       __local_unwind2            0001169e f   wdm:exsup.obj
 0003:00000318       __abnormal_termination     000116f8 f   wdm:exsup.obj
 0003:0000033c       _RtlUnwind@16              0001171c f   wdm:NTOSKRNL.EXE
 0004:00000020       ?pdxDummy@@3U_DEVICE_EXTENSION@@A 00011760     DriverEntry.obj
 0005:00000000       __IMPORT_DESCRIPTOR_NTOSKRNL 00011820     wdm:NTOSKRNL.EXE
 0005:00000014       __IMPORT_DESCRIPTOR_HAL    00011834     wdm:HAL.DLL
 0005:00000028       __NULL_IMPORT_DESCRIPTOR   00011848     wdm:NTOSKRNL.EXE

 entry point at        0002:00000000

 Static symbols

 0003:0000027c       $$$00001                   0001165c f   wdm:exsup.obj
 0003:0000029c       $$$00003                   0001167c f   wdm:exsup.obj
 0003:0000029c       __unwind_handler           0001167c f   wdm:exsup.obj
 0003:000002be       $$$00005                   0001169e f   wdm:exsup.obj
 0003:00000318       $$$00007                   000116f8 f   wdm:exsup.obj
 0003:0000033b       $$$00009                   0001171b f   wdm:exsup.obj
 0003:000001b0       $$$00001                   00011590 f   wdm:exsup3.obj
 0003:00000279       $$$00004                   00011659 f   wdm:exsup3.obj
